MPLINK 4.30.01, Linker
Linker Map File - Created Mon May 07 09:36:47 2018

                                 Section Info
                  Section       Type    Address   Location Size(Bytes)
                ---------  ---------  ---------  ---------  ---------
               _entry_scn       code   0x000000    program   0x000006
           .code___init.o       code   0x000006    program   0x000002
      InterruptVectorHigh       code   0x000008    program   0x000006
        .romdata_uwrite.o    romdata   0x00000e    program   0x000000
        .idata_uwrite.o_i    romdata   0x00000e    program   0x000000
       .romdata_t0write.o    romdata   0x00000e    program   0x000000
       .idata_t0write.o_i    romdata   0x00000e    program   0x000000
         .romdata_udefs.o    romdata   0x00000e    program   0x000000
         .idata_udefs.o_i    romdata   0x00000e    program   0x000000
         .romdata_uread.o    romdata   0x00000e    program   0x000000
         .idata_uread.o_i    romdata   0x00000e    program   0x000000
   .idata_user_delays.o_i    romdata   0x00000e    program   0x000000
   .romdata_user_delays.o    romdata   0x00000e    program   0x000000
         .romdata_uopen.o    romdata   0x00000e    program   0x000000
         .idata_uopen.o_i    romdata   0x00000e    program   0x000000
        .romdata_t0open.o    romdata   0x00000e    program   0x000000
        .idata_t0open.o_i    romdata   0x00000e    program   0x000000
        .romdata___init.o    romdata   0x00000e    program   0x000000
        .idata_uputrs.o_i    romdata   0x00000e    program   0x000000
          .romdata_main.o    romdata   0x00000e    program   0x000000
          .idata_main.o_i    romdata   0x00000e    program   0x000009
        .romdata_uputrs.o    romdata   0x00000e    program   0x000000
         .idata_uputs.o_i    romdata   0x00000e    program   0x000000
           .romdata_m26.o    romdata   0x00000e    program   0x000000
         .romdata_uputs.o    romdata   0x00000e    program   0x000000
         .romdata_c018i.o    romdata   0x00000e    program   0x000000
        .idata___init.o_i    romdata   0x000017    program   0x000000
           .idata_m26.o_i    romdata   0x000017    program   0x000000
         .idata_c018i.o_i    romdata   0x000017    program   0x000000
       InterruptVectorLow       code   0x000018    program   0x000006
            .code_udefs.o       code   0x000018    program   0x000000
            .code_c018i.o       code   0x000018    program   0x000000
                   .cinit    romdata   0x00001e    program   0x00000e
              .code_m26.o       code   0x00002c    program   0x00067a
             .code_main.o       code   0x0006a6    program   0x0003a4
             .stringtable    romdata   0x000a4a    program   0x00014e
               _cinit_scn       code   0x000b98    program   0x00009e
                   STRING       code   0x000c36    program   0x00009c
            .code_uopen.o       code   0x000cd2    program   0x00008a
           .code_uputrs.o       code   0x000d5c    program   0x000064
      .code_user_delays.o       code   0x000dc0    program   0x00005c
            .code_uputs.o       code   0x000e1c    program   0x00004c
            .code_uread.o       code   0x000e68    program   0x00003e
          .code_t0write.o       code   0x000ea6    program   0x000038
           .code_t0open.o       code   0x000ede    program   0x000038
             D10KTCYXCODE       code   0x000f16    program   0x00002e
           .code_uwrite.o       code   0x000f44    program   0x00002e
             _startup_scn       code   0x000f72    program   0x00001c
                    .code       code   0x000f8e    program   0x00000e
    .config_300000_main.o    romdata   0x300000    program   0x000001
    .config_300001_main.o    romdata   0x300001    program   0x000001
    .config_300002_main.o    romdata   0x300002    program   0x000001
    .config_300003_main.o    romdata   0x300003    program   0x000001
    .config_300005_main.o    romdata   0x300005    program   0x000001
    .config_300006_main.o    romdata   0x300006    program   0x000001
    .config_300008_main.o    romdata   0x300008    program   0x000001
    .config_300009_main.o    romdata   0x300009    program   0x000001
    .config_30000a_main.o    romdata   0x30000a    program   0x000001
    .config_30000b_main.o    romdata   0x30000b    program   0x000001
    .config_30000c_main.o    romdata   0x30000c    program   0x000001
    .config_30000d_main.o    romdata   0x30000d    program   0x000001
                 .tmpdata      udata   0x000000       data   0x000003
                MATH_DATA      udata   0x000003       data   0x000002
                DELAYDAT2      udata   0x000005       data   0x000001
                DELAYDAT1      udata   0x000006       data   0x000001
            .udata_main.o      udata   0x000060       data   0x000042
           .udata_c018i.o      udata   0x0000a2       data   0x00000a
            .idata_main.o      idata   0x0000ac       data   0x000009
           .udata_udefs.o      udata   0x0000b5       data   0x000001
          .udata_uputrs.o      udata   0x0000b6       data   0x000000
          .idata___init.o      idata   0x0000b6       data   0x000000
          .udata___init.o      udata   0x0000b6       data   0x000000
          .idata_uputrs.o      idata   0x0000b6       data   0x000000
           .udata_uputs.o      udata   0x0000b6       data   0x000000
          .idata_uwrite.o      idata   0x0000b6       data   0x000000
          .udata_uwrite.o      udata   0x0000b6       data   0x000000
         .idata_t0write.o      idata   0x0000b6       data   0x000000
         .udata_t0write.o      udata   0x0000b6       data   0x000000
           .idata_udefs.o      idata   0x0000b6       data   0x000000
           .idata_uputs.o      idata   0x0000b6       data   0x000000
           .idata_uread.o      idata   0x0000b6       data   0x000000
           .udata_uread.o      udata   0x0000b6       data   0x000000
           .idata_uopen.o      idata   0x0000b6       data   0x000000
           .udata_uopen.o      udata   0x0000b6       data   0x000000
          .idata_t0open.o      idata   0x0000b6       data   0x000000
          .udata_t0open.o      udata   0x0000b6       data   0x000000
     .idata_user_delays.o      idata   0x0000b6       data   0x000000
     .udata_user_delays.o      udata   0x0000b6       data   0x000000
             .idata_m26.o      idata   0x0000b6       data   0x000000
             .udata_m26.o      udata   0x0000b6       data   0x000000
           .idata_c018i.o      idata   0x0000b6       data   0x000000
                   .stack      udata   0x000300       data   0x000100
            SFR_UNBANKED0      udata   0x000f62       data   0x00009e



                              Program Memory Usage 
                               Start         End      
                           ---------   ---------      
                            0x000000    0x000016      
                            0x000018    0x000f9b      
                            0x300000    0x300003      
                            0x300005    0x300006      
                            0x300008    0x30000d      
            4007 out of 33048 program addresses used, program memory utilization is 12%



                              Symbols - Sorted by Name
                     Name    Address   Location    Storage File                     
                ---------  ---------  ---------  --------- ---------                
                   D10K_1   0x000f22    program     static C:\MCC18\src\traditional\delays\d10ktcyx.asm
                    D10Kl   0x000f2e    program     static C:\MCC18\src\traditional\delays\d10ktcyx.asm
                    D10Kx   0x000f20    program     static C:\MCC18\src\traditional\delays\d10ktcyx.asm
             Delay10KTCYx   0x000f16    program     extern C:\MCC18\src\traditional\delays\d10ktcyx.asm
                  Delay_s   0x000dc0    program     extern D:\m26_project\PIC18F\Src\user_delays.c
     InterruptHandlerHigh   0x00088e    program     extern D:\m26_project\PIC18F\Src\main.c
      InterruptHandlerLow   0x00096e    program     extern D:\m26_project\PIC18F\Src\main.c
      InterruptVectorHigh   0x000008    program     extern D:\m26_project\PIC18F\Src\main.c
       InterruptVectorLow   0x000018    program     extern D:\m26_project\PIC18F\Src\main.c
             M26_CheckCmd   0x0001b8    program     extern D:\m26_project\PIC18F\Src\m26.c
          M26_ExtractData   0x00023e    program     extern D:\m26_project\PIC18F\Src\m26.c
                 M26_Init   0x0002cc    program     extern D:\m26_project\PIC18F\Src\m26.c
              M26_Poweron   0x000708    program     extern D:\m26_project\PIC18F\Src\main.c
             M26_SendByte   0x0000fa    program     extern D:\m26_project\PIC18F\Src\m26.c
              M26_SendCmd   0x00002c    program     extern D:\m26_project\PIC18F\Src\m26.c
           M26_SendString   0x000632    program     extern D:\m26_project\PIC18F\Src\m26.c
               OpenTimer0   0x000ede    program     extern C:\MCC18\src\pmc_common\Timers\t0open.c
                OpenUSART   0x000cd2    program     extern C:\MCC18\src\pmc_common\USART\uopen.c
                ReadUSART   0x000e68    program     extern C:\MCC18\src\pmc_common\USART\uread.c
             SendAlarmNum   0x000720    program     extern D:\m26_project\PIC18F\Src\main.c
          USARTRcvTimeout   0x000718    program     extern D:\m26_project\PIC18F\Src\main.c
              WriteTimer0   0x000ea6    program     extern C:\MCC18\src\pmc_common\Timers\t0write.c
               WriteUSART   0x000f44    program     extern C:\MCC18\src\pmc_common\USART\uwrite.c
       _D10KTCYXCODE_0010   0x000f26    program     static C:\MCC18\src\traditional\delays\d10ktcyx.asm
       _D10KTCYXCODE_001C   0x000f32    program     static C:\MCC18\src\traditional\delays\d10ktcyx.asm
           ___if_lbl00016   0x00084a    program     static                          
           ___if_lbl00017   0x000850    program     static                          
           ___if_lbl00018   0x00085a    program     static                          
           ___if_lbl00020   0x00088a    program     static                          
       ___return_lbl00000   0x000004    program     static                          
       ___return_lbl00001   0x000f8c    program     static                          
       ___return_lbl00002   0x000c34    program     static                          
       ___return_lbl00013   0x00088c    program     static                          
       ___return_lbl00021   0x00000c    program     static                          
       ___return_lbl00026   0x00001c    program     static                          
        ___while_lbl00014   0x000818    program     static                          
        ___while_lbl00015   0x00088c    program     static                          
               __config_0   0x300000    program     static D:\m26_project\PIC18F\Src\main.c
               __config_1   0x300001    program     static D:\m26_project\PIC18F\Src\main.c
              __config_10   0x30000c    program     static D:\m26_project\PIC18F\Src\main.c
              __config_11   0x30000d    program     static D:\m26_project\PIC18F\Src\main.c
               __config_2   0x300002    program     static D:\m26_project\PIC18F\Src\main.c
               __config_3   0x300003    program     static D:\m26_project\PIC18F\Src\main.c
               __config_4   0x300005    program     static D:\m26_project\PIC18F\Src\main.c
               __config_5   0x300006    program     static D:\m26_project\PIC18F\Src\main.c
               __config_6   0x300008    program     static D:\m26_project\PIC18F\Src\main.c
               __config_7   0x300009    program     static D:\m26_project\PIC18F\Src\main.c
               __config_8   0x30000a    program     static D:\m26_project\PIC18F\Src\main.c
               __config_9   0x30000b    program     static D:\m26_project\PIC18F\Src\main.c
                   __init   0x000006    program     extern C:\MCC18\src\traditional\stdclib\__init.c
               __string_0   0x000b8a    program     static D:\m26_project\PIC18F\Src\main.c
               __string_0   0x000b62    program     static D:\m26_project\PIC18F\Src\m26.c
               __string_1   0x000b88    program     static D:\m26_project\PIC18F\Src\main.c
               __string_1   0x000b5b    program     static D:\m26_project\PIC18F\Src\m26.c
              __string_10   0x000af5    program     static D:\m26_project\PIC18F\Src\m26.c
              __string_11   0x000adf    program     static D:\m26_project\PIC18F\Src\m26.c
              __string_12   0x000ad2    program     static D:\m26_project\PIC18F\Src\m26.c
              __string_13   0x000ac9    program     static D:\m26_project\PIC18F\Src\m26.c
              __string_14   0x000abb    program     static D:\m26_project\PIC18F\Src\m26.c
              __string_15   0x000ab0    program     static D:\m26_project\PIC18F\Src\m26.c
              __string_16   0x000aa3    program     static D:\m26_project\PIC18F\Src\m26.c
              __string_17   0x000a9c    program     static D:\m26_project\PIC18F\Src\m26.c
              __string_18   0x000a8d    program     static D:\m26_project\PIC18F\Src\m26.c
              __string_19   0x000a60    program     static D:\m26_project\PIC18F\Src\m26.c
               __string_2   0x000b7a    program     static D:\m26_project\PIC18F\Src\main.c
               __string_2   0x000b58    program     static D:\m26_project\PIC18F\Src\m26.c
              __string_20   0x000a54    program     static D:\m26_project\PIC18F\Src\m26.c
              __string_21   0x000a52    program     static D:\m26_project\PIC18F\Src\m26.c
              __string_22   0x000a4a    program     static D:\m26_project\PIC18F\Src\m26.c
               __string_3   0x000b77    program     static D:\m26_project\PIC18F\Src\main.c
               __string_3   0x000b4d    program     static D:\m26_project\PIC18F\Src\m26.c
               __string_4   0x000b44    program     static D:\m26_project\PIC18F\Src\m26.c
               __string_5   0x000b39    program     static D:\m26_project\PIC18F\Src\m26.c
               __string_6   0x000b2d    program     static D:\m26_project\PIC18F\Src\m26.c
               __string_7   0x000b20    program     static D:\m26_project\PIC18F\Src\m26.c
               __string_8   0x000b12    program     static D:\m26_project\PIC18F\Src\m26.c
               __string_9   0x000b04    program     static D:\m26_project\PIC18F\Src\m26.c
               __tmplbl_2   0x000866    program     static                          
               __tmplbl_3   0x000860    program     static                          
            __zero_memory   0x000f8e    program     extern C:\MCC18\src\traditional\proc\p18F4550.asm
                _do_cinit   0x000b98    program     extern C:\MCC18\src\traditional\startup\c018i.c
                   _entry   0x000000    program     extern C:\MCC18\src\traditional\startup\c018i.c
                 _startup   0x000f72    program     extern C:\MCC18\src\traditional\startup\c018i.c
               clear_loop   0x000f94    program     static C:\MCC18\src\traditional\proc\p18F4550.asm
                copy_loop   0x000c0a    program     static                          
            copy_one_byte   0x000c10    program     static                          
                     done   0x000c34    program     static                          
             done_copying   0x000c1e    program     static                          
                     init   0x0006a6    program     extern D:\m26_project\PIC18F\Src\main.c
               jInnerLoop   0x000ca4    program     static C:\MCC18\src\traditional\stdclib\strstr.asm
                    jLoop   0x000c5e    program     static C:\MCC18\src\traditional\stdclib\strcpy.asm
                   jMatch   0x000cc0    program     static C:\MCC18\src\traditional\stdclib\strstr.asm
                 jNoMatch   0x000cb0    program     static C:\MCC18\src\traditional\stdclib\strstr.asm
                    jNull   0x000cbc    program     static C:\MCC18\src\traditional\stdclib\strstr.asm
               jOuterLoop   0x000c8c    program     static C:\MCC18\src\traditional\stdclib\strstr.asm
                  jReturn   0x000cc0    program     static C:\MCC18\src\traditional\stdclib\strstr.asm
                     loop   0x000f82    program     static                          
                     main   0x000810    program     extern D:\m26_project\PIC18F\Src\main.c
               putrsUSART   0x000d5c    program     extern C:\MCC18\src\pmc_common\USART\uputrs.c
                putsUSART   0x000e1c    program     extern C:\MCC18\src\pmc_common\USART\uputs.c
                   strcpy   0x000c36    program     extern C:\MCC18\src\traditional\stdclib\strcpy.asm
                   strstr   0x000c78    program     extern C:\MCC18\src\traditional\stdclib\strstr.asm
                     test   0x000bb2    program     static                          
                   ADCON0   0x000fc2       data     extern C:\MCC18\src\traditional\proc\p18F4550.asm
               ADCON0bits   0x000fc2       data     extern C:\MCC18\src\traditional\proc\p18F4550.asm
                   ADCON1   0x000fc1       data     extern C:\MCC18\src\traditional\proc\p18F4550.asm
               ADCON1bits   0x000fc1       data     extern C:\MCC18\src\traditional\proc\p18F4550.asm
                   ADCON2   0x000fc0       data     extern C:\MCC18\src\traditional\proc\p18F4550.asm
               ADCON2bits   0x000fc0       data     extern C:\MCC18\src\traditional\proc\p18F4550.asm
                    ADRES   0x000fc3       data     extern C:\MCC18\src\traditional\proc\p18F4550.asm
                   ADRESH   0x000fc4       data     extern C:\MCC18\src\traditional\proc\p18F4550.asm
                   ADRESL   0x000fc3       data     extern C:\MCC18\src\traditional\proc\p18F4550.asm
                  BAUDCON   0x000fb8       data     extern C:\MCC18\src\traditional\proc\p18F4550.asm
              BAUDCONbits   0x000fb8       data     extern C:\MCC18\src\traditional\proc\p18F4550.asm
                      BSR   0x000fe0       data     extern C:\MCC18\src\traditional\proc\p18F4550.asm
                   CCP1AS   0x000fb6       data     extern C:\MCC18\src\traditional\proc\p18F4550.asm
               CCP1ASbits   0x000fb6       data     extern C:\MCC18\src\traditional\proc\p18F4550.asm
                  CCP1CON   0x000fbd       data     extern C:\MCC18\src\traditional\proc\p18F4550.asm
              CCP1CONbits   0x000fbd       data     extern C:\MCC18\src\traditional\proc\p18F4550.asm
                  CCP1DEL   0x000fb7       data     extern C:\MCC18\src\traditional\proc\p18F4550.asm
              CCP1DELbits   0x000fb7       data     extern C:\MCC18\src\traditional\proc\p18F4550.asm
                  CCP2CON   0x000fba       data     extern C:\MCC18\src\traditional\proc\p18F4550.asm
              CCP2CONbits   0x000fba       data     extern C:\MCC18\src\traditional\proc\p18F4550.asm
                    CCPR1   0x000fbe       data     extern C:\MCC18\src\traditional\proc\p18F4550.asm
                   CCPR1H   0x000fbf       data     extern C:\MCC18\src\traditional\proc\p18F4550.asm
                   CCPR1L   0x000fbe       data     extern C:\MCC18\src\traditional\proc\p18F4550.asm
                    CCPR2   0x000fbb       data     extern C:\MCC18\src\traditional\proc\p18F4550.asm
                   CCPR2H   0x000fbc       data     extern C:\MCC18\src\traditional\proc\p18F4550.asm
                   CCPR2L   0x000fbb       data     extern C:\MCC18\src\traditional\proc\p18F4550.asm
                    CMCON   0x000fb4       data     extern C:\MCC18\src\traditional\proc\p18F4550.asm
                CMCONbits   0x000fb4       data     extern C:\MCC18\src\traditional\proc\p18F4550.asm
                   CVRCON   0x000fb5       data     extern C:\MCC18\src\traditional\proc\p18F4550.asm
               CVRCONbits   0x000fb5       data     extern C:\MCC18\src\traditional\proc\p18F4550.asm
                     DDRA   0x000f92       data     extern C:\MCC18\src\traditional\proc\p18F4550.asm
                 DDRAbits   0x000f92       data     extern C:\MCC18\src\traditional\proc\p18F4550.asm
                     DDRB   0x000f93       data     extern C:\MCC18\src\traditional\proc\p18F4550.asm
                 DDRBbits   0x000f93       data     extern C:\MCC18\src\traditional\proc\p18F4550.asm
                     DDRC   0x000f94       data     extern C:\MCC18\src\traditional\proc\p18F4550.asm
                 DDRCbits   0x000f94       data     extern C:\MCC18\src\traditional\proc\p18F4550.asm
                     DDRD   0x000f95       data     extern C:\MCC18\src\traditional\proc\p18F4550.asm
                 DDRDbits   0x000f95       data     extern C:\MCC18\src\traditional\proc\p18F4550.asm
                     DDRE   0x000f96       data     extern C:\MCC18\src\traditional\proc\p18F4550.asm
                 DDREbits   0x000f96       data     extern C:\MCC18\src\traditional\proc\p18F4550.asm
            DelayCounter1   0x000006       data     extern C:\MCC18\src\traditional\delays\delayd1.asm
            DelayCounter2   0x000005       data     extern C:\MCC18\src\traditional\delays\delayd2.asm
                  ECCP1AS   0x000fb6       data     extern C:\MCC18\src\traditional\proc\p18F4550.asm
              ECCP1ASbits   0x000fb6       data     extern C:\MCC18\src\traditional\proc\p18F4550.asm
                 ECCP1CON   0x000fbd       data     extern C:\MCC18\src\traditional\proc\p18F4550.asm
             ECCP1CONbits   0x000fbd       data     extern C:\MCC18\src\traditional\proc\p18F4550.asm
                 ECCP1DEL   0x000fb7       data     extern C:\MCC18\src\traditional\proc\p18F4550.asm
             ECCP1DELbits   0x000fb7       data     extern C:\MCC18\src\traditional\proc\p18F4550.asm
                    EEADR   0x000fa9       data     extern C:\MCC18\src\traditional\proc\p18F4550.asm
                   EECON1   0x000fa6       data     extern C:\MCC18\src\traditional\proc\p18F4550.asm
               EECON1bits   0x000fa6       data     extern C:\MCC18\src\traditional\proc\p18F4550.asm
                   EECON2   0x000fa7       data     extern C:\MCC18\src\traditional\proc\p18F4550.asm
                   EEDATA   0x000fa8       data     extern C:\MCC18\src\traditional\proc\p18F4550.asm
                     FSR0   0x000fe9       data     extern C:\MCC18\src\traditional\proc\p18F4550.asm
                    FSR0H   0x000fea       data     extern C:\MCC18\src\traditional\proc\p18F4550.asm
                    FSR0L   0x000fe9       data     extern C:\MCC18\src\traditional\proc\p18F4550.asm
                     FSR1   0x000fe1       data     extern C:\MCC18\src\traditional\proc\p18F4550.asm
                    FSR1H   0x000fe2       data     extern C:\MCC18\src\traditional\proc\p18F4550.asm
                    FSR1L   0x000fe1       data     extern C:\MCC18\src\traditional\proc\p18F4550.asm
                     FSR2   0x000fd9       data     extern C:\MCC18\src\traditional\proc\p18F4550.asm
                    FSR2H   0x000fda       data     extern C:\MCC18\src\traditional\proc\p18F4550.asm
                    FSR2L   0x000fd9       data     extern C:\MCC18\src\traditional\proc\p18F4550.asm
                  HLVDCON   0x000fd2       data     extern C:\MCC18\src\traditional\proc\p18F4550.asm
              HLVDCONbits   0x000fd2       data     extern C:\MCC18\src\traditional\proc\p18F4550.asm
                    INDF0   0x000fef       data     extern C:\MCC18\src\traditional\proc\p18F4550.asm
                    INDF1   0x000fe7       data     extern C:\MCC18\src\traditional\proc\p18F4550.asm
                    INDF2   0x000fdf       data     extern C:\MCC18\src\traditional\proc\p18F4550.asm
                   INTCON   0x000ff2       data     extern C:\MCC18\src\traditional\proc\p18F4550.asm
                  INTCON2   0x000ff1       data     extern C:\MCC18\src\traditional\proc\p18F4550.asm
              INTCON2bits   0x000ff1       data     extern C:\MCC18\src\traditional\proc\p18F4550.asm
                  INTCON3   0x000ff0       data     extern C:\MCC18\src\traditional\proc\p18F4550.asm
              INTCON3bits   0x000ff0       data     extern C:\MCC18\src\traditional\proc\p18F4550.asm
               INTCONbits   0x000ff2       data     extern C:\MCC18\src\traditional\proc\p18F4550.asm
                     IPR1   0x000f9f       data     extern C:\MCC18\src\traditional\proc\p18F4550.asm
                 IPR1bits   0x000f9f       data     extern C:\MCC18\src\traditional\proc\p18F4550.asm
                     IPR2   0x000fa2       data     extern C:\MCC18\src\traditional\proc\p18F4550.asm
                 IPR2bits   0x000fa2       data     extern C:\MCC18\src\traditional\proc\p18F4550.asm
                     LATA   0x000f89       data     extern C:\MCC18\src\traditional\proc\p18F4550.asm
                 LATAbits   0x000f89       data     extern C:\MCC18\src\traditional\proc\p18F4550.asm
                     LATB   0x000f8a       data     extern C:\MCC18\src\traditional\proc\p18F4550.asm
                 LATBbits   0x000f8a       data     extern C:\MCC18\src\traditional\proc\p18F4550.asm
                     LATC   0x000f8b       data     extern C:\MCC18\src\traditional\proc\p18F4550.asm
                 LATCbits   0x000f8b       data     extern C:\MCC18\src\traditional\proc\p18F4550.asm
                     LATD   0x000f8c       data     extern C:\MCC18\src\traditional\proc\p18F4550.asm
                 LATDbits   0x000f8c       data     extern C:\MCC18\src\traditional\proc\p18F4550.asm
                     LATE   0x000f8d       data     extern C:\MCC18\src\traditional\proc\p18F4550.asm
                 LATEbits   0x000f8d       data     extern C:\MCC18\src\traditional\proc\p18F4550.asm
                   LVDCON   0x000fd2       data     extern C:\MCC18\src\traditional\proc\p18F4550.asm
               LVDCONbits   0x000fd2       data     extern C:\MCC18\src\traditional\proc\p18F4550.asm
                   OSCCON   0x000fd3       data     extern C:\MCC18\src\traditional\proc\p18F4550.asm
               OSCCONbits   0x000fd3       data     extern C:\MCC18\src\traditional\proc\p18F4550.asm
                  OSCTUNE   0x000f9b       data     extern C:\MCC18\src\traditional\proc\p18F4550.asm
              OSCTUNEbits   0x000f9b       data     extern C:\MCC18\src\traditional\proc\p18F4550.asm
                       PC   0x000ff9       data     extern C:\MCC18\src\traditional\proc\p18F4550.asm
                      PCL   0x000ff9       data     extern C:\MCC18\src\traditional\proc\p18F4550.asm
                   PCLATH   0x000ffa       data     extern C:\MCC18\src\traditional\proc\p18F4550.asm
                   PCLATU   0x000ffb       data     extern C:\MCC18\src\traditional\proc\p18F4550.asm
                     PIE1   0x000f9d       data     extern C:\MCC18\src\traditional\proc\p18F4550.asm
                 PIE1bits   0x000f9d       data     extern C:\MCC18\src\traditional\proc\p18F4550.asm
                     PIE2   0x000fa0       data     extern C:\MCC18\src\traditional\proc\p18F4550.asm
                 PIE2bits   0x000fa0       data     extern C:\MCC18\src\traditional\proc\p18F4550.asm
                     PIR1   0x000f9e       data     extern C:\MCC18\src\traditional\proc\p18F4550.asm
                 PIR1bits   0x000f9e       data     extern C:\MCC18\src\traditional\proc\p18F4550.asm
                     PIR2   0x000fa1       data     extern C:\MCC18\src\traditional\proc\p18F4550.asm
                 PIR2bits   0x000fa1       data     extern C:\MCC18\src\traditional\proc\p18F4550.asm
                   PLUSW0   0x000feb       data     extern C:\MCC18\src\traditional\proc\p18F4550.asm
                   PLUSW1   0x000fe3       data     extern C:\MCC18\src\traditional\proc\p18F4550.asm
                   PLUSW2   0x000fdb       data     extern C:\MCC18\src\traditional\proc\p18F4550.asm
                    PORTA   0x000f80       data     extern C:\MCC18\src\traditional\proc\p18F4550.asm
                PORTAbits   0x000f80       data     extern C:\MCC18\src\traditional\proc\p18F4550.asm
                    PORTB   0x000f81       data     extern C:\MCC18\src\traditional\proc\p18F4550.asm
                PORTBbits   0x000f81       data     extern C:\MCC18\src\traditional\proc\p18F4550.asm
                    PORTC   0x000f82       data     extern C:\MCC18\src\traditional\proc\p18F4550.asm
                PORTCbits   0x000f82       data     extern C:\MCC18\src\traditional\proc\p18F4550.asm
                    PORTD   0x000f83       data     extern C:\MCC18\src\traditional\proc\p18F4550.asm
                PORTDbits   0x000f83       data     extern C:\MCC18\src\traditional\proc\p18F4550.asm
                    PORTE   0x000f84       data     extern C:\MCC18\src\traditional\proc\p18F4550.asm
                PORTEbits   0x000f84       data     extern C:\MCC18\src\traditional\proc\p18F4550.asm
                 POSTDEC0   0x000fed       data     extern C:\MCC18\src\traditional\proc\p18F4550.asm
                 POSTDEC1   0x000fe5       data     extern C:\MCC18\src\traditional\proc\p18F4550.asm
                 POSTDEC2   0x000fdd       data     extern C:\MCC18\src\traditional\proc\p18F4550.asm
                 POSTINC0   0x000fee       data     extern C:\MCC18\src\traditional\proc\p18F4550.asm
                 POSTINC1   0x000fe6       data     extern C:\MCC18\src\traditional\proc\p18F4550.asm
                 POSTINC2   0x000fde       data     extern C:\MCC18\src\traditional\proc\p18F4550.asm
                      PR2   0x000fcb       data     extern C:\MCC18\src\traditional\proc\p18F4550.asm
                  PREINC0   0x000fec       data     extern C:\MCC18\src\traditional\proc\p18F4550.asm
                  PREINC1   0x000fe4       data     extern C:\MCC18\src\traditional\proc\p18F4550.asm
                  PREINC2   0x000fdc       data     extern C:\MCC18\src\traditional\proc\p18F4550.asm
                     PROD   0x000ff3       data     extern C:\MCC18\src\traditional\proc\p18F4550.asm
                    PRODH   0x000ff4       data     extern C:\MCC18\src\traditional\proc\p18F4550.asm
                    PRODL   0x000ff3       data     extern C:\MCC18\src\traditional\proc\p18F4550.asm
                     RCON   0x000fd0       data     extern C:\MCC18\src\traditional\proc\p18F4550.asm
                 RCONbits   0x000fd0       data     extern C:\MCC18\src\traditional\proc\p18F4550.asm
                    RCREG   0x000fae       data     extern C:\MCC18\src\traditional\proc\p18F4550.asm
                    RCSTA   0x000fab       data     extern C:\MCC18\src\traditional\proc\p18F4550.asm
                RCSTAbits   0x000fab       data     extern C:\MCC18\src\traditional\proc\p18F4550.asm
                  RxCount   0x0000b0       data     extern D:\m26_project\PIC18F\Src\main.c
                     SIGN   0x000003       data     extern C:\MCC18\src\traditional\math\cmath18.asm
                    SPBRG   0x000faf       data     extern C:\MCC18\src\traditional\proc\p18F4550.asm
                   SPBRGH   0x000fb0       data     extern C:\MCC18\src\traditional\proc\p18F4550.asm
                   SPPCFG   0x000f63       data     extern C:\MCC18\src\traditional\proc\p18F4550.asm
               SPPCFGbits   0x000f63       data     extern C:\MCC18\src\traditional\proc\p18F4550.asm
                   SPPCON   0x000f65       data     extern C:\MCC18\src\traditional\proc\p18F4550.asm
               SPPCONbits   0x000f65       data     extern C:\MCC18\src\traditional\proc\p18F4550.asm
                  SPPDATA   0x000f62       data     extern C:\MCC18\src\traditional\proc\p18F4550.asm
                   SPPEPS   0x000f64       data     extern C:\MCC18\src\traditional\proc\p18F4550.asm
               SPPEPSbits   0x000f64       data     extern C:\MCC18\src\traditional\proc\p18F4550.asm
                   SSPADD   0x000fc8       data     extern C:\MCC18\src\traditional\proc\p18F4550.asm
                   SSPBUF   0x000fc9       data     extern C:\MCC18\src\traditional\proc\p18F4550.asm
                  SSPCON1   0x000fc6       data     extern C:\MCC18\src\traditional\proc\p18F4550.asm
              SSPCON1bits   0x000fc6       data     extern C:\MCC18\src\traditional\proc\p18F4550.asm
                  SSPCON2   0x000fc5       data     extern C:\MCC18\src\traditional\proc\p18F4550.asm
              SSPCON2bits   0x000fc5       data     extern C:\MCC18\src\traditional\proc\p18F4550.asm
                  SSPSTAT   0x000fc7       data     extern C:\MCC18\src\traditional\proc\p18F4550.asm
              SSPSTATbits   0x000fc7       data     extern C:\MCC18\src\traditional\proc\p18F4550.asm
                   STATUS   0x000fd8       data     extern C:\MCC18\src\traditional\proc\p18F4550.asm
               STATUSbits   0x000fd8       data     extern C:\MCC18\src\traditional\proc\p18F4550.asm
                   STKPTR   0x000ffc       data     extern C:\MCC18\src\traditional\proc\p18F4550.asm
               STKPTRbits   0x000ffc       data     extern C:\MCC18\src\traditional\proc\p18F4550.asm
                    T0CON   0x000fd5       data     extern C:\MCC18\src\traditional\proc\p18F4550.asm
                T0CONbits   0x000fd5       data     extern C:\MCC18\src\traditional\proc\p18F4550.asm
                    T1CON   0x000fcd       data     extern C:\MCC18\src\traditional\proc\p18F4550.asm
                T1CONbits   0x000fcd       data     extern C:\MCC18\src\traditional\proc\p18F4550.asm
                    T2CON   0x000fca       data     extern C:\MCC18\src\traditional\proc\p18F4550.asm
                T2CONbits   0x000fca       data     extern C:\MCC18\src\traditional\proc\p18F4550.asm
                    T3CON   0x000fb1       data     extern C:\MCC18\src\traditional\proc\p18F4550.asm
                T3CONbits   0x000fb1       data     extern C:\MCC18\src\traditional\proc\p18F4550.asm
                   TABLAT   0x000ff5       data     extern C:\MCC18\src\traditional\proc\p18F4550.asm
                   TBLPTR   0x000ff6       data     extern C:\MCC18\src\traditional\proc\p18F4550.asm
                  TBLPTRH   0x000ff7       data     extern C:\MCC18\src\traditional\proc\p18F4550.asm
                  TBLPTRL   0x000ff6       data     extern C:\MCC18\src\traditional\proc\p18F4550.asm
                  TBLPTRU   0x000ff8       data     extern C:\MCC18\src\traditional\proc\p18F4550.asm
                    TMR0H   0x000fd7       data     extern C:\MCC18\src\traditional\proc\p18F4550.asm
                    TMR0L   0x000fd6       data     extern C:\MCC18\src\traditional\proc\p18F4550.asm
                    TMR1H   0x000fcf       data     extern C:\MCC18\src\traditional\proc\p18F4550.asm
                    TMR1L   0x000fce       data     extern C:\MCC18\src\traditional\proc\p18F4550.asm
                     TMR2   0x000fcc       data     extern C:\MCC18\src\traditional\proc\p18F4550.asm
                    TMR3H   0x000fb3       data     extern C:\MCC18\src\traditional\proc\p18F4550.asm
                    TMR3L   0x000fb2       data     extern C:\MCC18\src\traditional\proc\p18F4550.asm
                      TOS   0x000ffd       data     extern C:\MCC18\src\traditional\proc\p18F4550.asm
                     TOSH   0x000ffe       data     extern C:\MCC18\src\traditional\proc\p18F4550.asm
                     TOSL   0x000ffd       data     extern C:\MCC18\src\traditional\proc\p18F4550.asm
                     TOSU   0x000fff       data     extern C:\MCC18\src\traditional\proc\p18F4550.asm
                    TRISA   0x000f92       data     extern C:\MCC18\src\traditional\proc\p18F4550.asm
                TRISAbits   0x000f92       data     extern C:\MCC18\src\traditional\proc\p18F4550.asm
                    TRISB   0x000f93       data     extern C:\MCC18\src\traditional\proc\p18F4550.asm
                TRISBbits   0x000f93       data     extern C:\MCC18\src\traditional\proc\p18F4550.asm
                    TRISC   0x000f94       data     extern C:\MCC18\src\traditional\proc\p18F4550.asm
                TRISCbits   0x000f94       data     extern C:\MCC18\src\traditional\proc\p18F4550.asm
                    TRISD   0x000f95       data     extern C:\MCC18\src\traditional\proc\p18F4550.asm
                TRISDbits   0x000f95       data     extern C:\MCC18\src\traditional\proc\p18F4550.asm
                    TRISE   0x000f96       data     extern C:\MCC18\src\traditional\proc\p18F4550.asm
                TRISEbits   0x000f96       data     extern C:\MCC18\src\traditional\proc\p18F4550.asm
                    TXREG   0x000fad       data     extern C:\MCC18\src\traditional\proc\p18F4550.asm
                    TXSTA   0x000fac       data     extern C:\MCC18\src\traditional\proc\p18F4550.asm
                TXSTAbits   0x000fac       data     extern C:\MCC18\src\traditional\proc\p18F4550.asm
                    TxBuf   0x0000ac       data     extern D:\m26_project\PIC18F\Src\main.c
                    UADDR   0x000f6e       data     extern C:\MCC18\src\traditional\proc\p18F4550.asm
                UADDRbits   0x000f6e       data     extern C:\MCC18\src\traditional\proc\p18F4550.asm
                     UCFG   0x000f6f       data     extern C:\MCC18\src\traditional\proc\p18F4550.asm
                 UCFGbits   0x000f6f       data     extern C:\MCC18\src\traditional\proc\p18F4550.asm
                     UCON   0x000f6d       data     extern C:\MCC18\src\traditional\proc\p18F4550.asm
                 UCONbits   0x000f6d       data     extern C:\MCC18\src\traditional\proc\p18F4550.asm
                     UEIE   0x000f6b       data     extern C:\MCC18\src\traditional\proc\p18F4550.asm
                 UEIEbits   0x000f6b       data     extern C:\MCC18\src\traditional\proc\p18F4550.asm
                     UEIR   0x000f6a       data     extern C:\MCC18\src\traditional\proc\p18F4550.asm
                 UEIRbits   0x000f6a       data     extern C:\MCC18\src\traditional\proc\p18F4550.asm
                     UEP0   0x000f70       data     extern C:\MCC18\src\traditional\proc\p18F4550.asm
                 UEP0bits   0x000f70       data     extern C:\MCC18\src\traditional\proc\p18F4550.asm
                     UEP1   0x000f71       data     extern C:\MCC18\src\traditional\proc\p18F4550.asm
                    UEP10   0x000f7a       data     extern C:\MCC18\src\traditional\proc\p18F4550.asm
                UEP10bits   0x000f7a       data     extern C:\MCC18\src\traditional\proc\p18F4550.asm
                    UEP11   0x000f7b       data     extern C:\MCC18\src\traditional\proc\p18F4550.asm
                UEP11bits   0x000f7b       data     extern C:\MCC18\src\traditional\proc\p18F4550.asm
                    UEP12   0x000f7c       data     extern C:\MCC18\src\traditional\proc\p18F4550.asm
                UEP12bits   0x000f7c       data     extern C:\MCC18\src\traditional\proc\p18F4550.asm
                    UEP13   0x000f7d       data     extern C:\MCC18\src\traditional\proc\p18F4550.asm
                UEP13bits   0x000f7d       data     extern C:\MCC18\src\traditional\proc\p18F4550.asm
                    UEP14   0x000f7e       data     extern C:\MCC18\src\traditional\proc\p18F4550.asm
                UEP14bits   0x000f7e       data     extern C:\MCC18\src\traditional\proc\p18F4550.asm
                    UEP15   0x000f7f       data     extern C:\MCC18\src\traditional\proc\p18F4550.asm
                UEP15bits   0x000f7f       data     extern C:\MCC18\src\traditional\proc\p18F4550.asm
                 UEP1bits   0x000f71       data     extern C:\MCC18\src\traditional\proc\p18F4550.asm
                     UEP2   0x000f72       data     extern C:\MCC18\src\traditional\proc\p18F4550.asm
                 UEP2bits   0x000f72       data     extern C:\MCC18\src\traditional\proc\p18F4550.asm
                     UEP3   0x000f73       data     extern C:\MCC18\src\traditional\proc\p18F4550.asm
                 UEP3bits   0x000f73       data     extern C:\MCC18\src\traditional\proc\p18F4550.asm
                     UEP4   0x000f74       data     extern C:\MCC18\src\traditional\proc\p18F4550.asm
                 UEP4bits   0x000f74       data     extern C:\MCC18\src\traditional\proc\p18F4550.asm
                     UEP5   0x000f75       data     extern C:\MCC18\src\traditional\proc\p18F4550.asm
                 UEP5bits   0x000f75       data     extern C:\MCC18\src\traditional\proc\p18F4550.asm
                     UEP6   0x000f76       data     extern C:\MCC18\src\traditional\proc\p18F4550.asm
                 UEP6bits   0x000f76       data     extern C:\MCC18\src\traditional\proc\p18F4550.asm
                     UEP7   0x000f77       data     extern C:\MCC18\src\traditional\proc\p18F4550.asm
                 UEP7bits   0x000f77       data     extern C:\MCC18\src\traditional\proc\p18F4550.asm
                     UEP8   0x000f78       data     extern C:\MCC18\src\traditional\proc\p18F4550.asm
                 UEP8bits   0x000f78       data     extern C:\MCC18\src\traditional\proc\p18F4550.asm
                     UEP9   0x000f79       data     extern C:\MCC18\src\traditional\proc\p18F4550.asm
                 UEP9bits   0x000f79       data     extern C:\MCC18\src\traditional\proc\p18F4550.asm
                     UFRM   0x000f66       data     extern C:\MCC18\src\traditional\proc\p18F4550.asm
                    UFRMH   0x000f67       data     extern C:\MCC18\src\traditional\proc\p18F4550.asm
                UFRMHbits   0x000f67       data     extern C:\MCC18\src\traditional\proc\p18F4550.asm
                    UFRML   0x000f66       data     extern C:\MCC18\src\traditional\proc\p18F4550.asm
                UFRMLbits   0x000f66       data     extern C:\MCC18\src\traditional\proc\p18F4550.asm
                      UIE   0x000f69       data     extern C:\MCC18\src\traditional\proc\p18F4550.asm
                  UIEbits   0x000f69       data     extern C:\MCC18\src\traditional\proc\p18F4550.asm
                      UIR   0x000f68       data     extern C:\MCC18\src\traditional\proc\p18F4550.asm
                  UIRbits   0x000f68       data     extern C:\MCC18\src\traditional\proc\p18F4550.asm
             USARTRcvFlag   0x0000b3       data     extern D:\m26_project\PIC18F\Src\main.c
       USARTRcvTimeoutCnt   0x0000b2       data     extern D:\m26_project\PIC18F\Src\main.c
               USARTRxBuf   0x000060       data     extern D:\m26_project\PIC18F\Src\main.c
               USARTTxBuf   0x0000a0       data     extern D:\m26_project\PIC18F\Src\main.c
             USART_Status   0x0000b5       data     extern C:\MCC18\src\pmc_common\USART\udefs.c
                    USTAT   0x000f6c       data     extern C:\MCC18\src\traditional\proc\p18F4550.asm
                USTATbits   0x000f6c       data     extern C:\MCC18\src\traditional\proc\p18F4550.asm
                   WDTCON   0x000fd1       data     extern C:\MCC18\src\traditional\proc\p18F4550.asm
               WDTCONbits   0x000fd1       data     extern C:\MCC18\src\traditional\proc\p18F4550.asm
                     WREG   0x000fe8       data     extern C:\MCC18\src\traditional\proc\p18F4550.asm
                __FPFLAGS   0x000004       data     extern C:\MCC18\src\traditional\math\cmath18.asm
            __FPFLAGSbits   0x000004       data     extern C:\MCC18\src\traditional\math\cmath18.asm
                  __tmp_0   0x000000       data     static D:\m26_project\PIC18F\Src\main.c
                  __tmp_0   0x000000       data     static D:\m26_project\PIC18F\Src\m26.c
                  __tmp_0   0x000000       data     static C:\MCC18\src\pmc_common\USART\uopen.c
                curr_byte   0x0000a5       data     static C:\MCC18\src\traditional\startup\c018i.c
               curr_entry   0x0000a7       data     static C:\MCC18\src\traditional\startup\c018i.c
                 data_ptr   0x0000a9       data     static C:\MCC18\src\traditional\startup\c018i.c
                open_flag   0x0000b4       data     extern D:\m26_project\PIC18F\Src\main.c
                     prom   0x0000a2       data     static C:\MCC18\src\traditional\startup\c018i.c



                              Symbols - Sorted by Address
                     Name    Address   Location    Storage File                     
                ---------  ---------  ---------  --------- ---------                
                   _entry   0x000000    program     extern C:\MCC18\src\traditional\startup\c018i.c
       ___return_lbl00000   0x000004    program     static                          
                   __init   0x000006    program     extern C:\MCC18\src\traditional\stdclib\__init.c
      InterruptVectorHigh   0x000008    program     extern D:\m26_project\PIC18F\Src\main.c
       ___return_lbl00021   0x00000c    program     static                          
       InterruptVectorLow   0x000018    program     extern D:\m26_project\PIC18F\Src\main.c
       ___return_lbl00026   0x00001c    program     static                          
              M26_SendCmd   0x00002c    program     extern D:\m26_project\PIC18F\Src\m26.c
             M26_SendByte   0x0000fa    program     extern D:\m26_project\PIC18F\Src\m26.c
             M26_CheckCmd   0x0001b8    program     extern D:\m26_project\PIC18F\Src\m26.c
          M26_ExtractData   0x00023e    program     extern D:\m26_project\PIC18F\Src\m26.c
                 M26_Init   0x0002cc    program     extern D:\m26_project\PIC18F\Src\m26.c
           M26_SendString   0x000632    program     extern D:\m26_project\PIC18F\Src\m26.c
                     init   0x0006a6    program     extern D:\m26_project\PIC18F\Src\main.c
              M26_Poweron   0x000708    program     extern D:\m26_project\PIC18F\Src\main.c
          USARTRcvTimeout   0x000718    program     extern D:\m26_project\PIC18F\Src\main.c
             SendAlarmNum   0x000720    program     extern D:\m26_project\PIC18F\Src\main.c
                     main   0x000810    program     extern D:\m26_project\PIC18F\Src\main.c
        ___while_lbl00014   0x000818    program     static                          
           ___if_lbl00016   0x00084a    program     static                          
           ___if_lbl00017   0x000850    program     static                          
           ___if_lbl00018   0x00085a    program     static                          
               __tmplbl_3   0x000860    program     static                          
               __tmplbl_2   0x000866    program     static                          
           ___if_lbl00020   0x00088a    program     static                          
        ___while_lbl00015   0x00088c    program     static                          
       ___return_lbl00013   0x00088c    program     static                          
     InterruptHandlerHigh   0x00088e    program     extern D:\m26_project\PIC18F\Src\main.c
      InterruptHandlerLow   0x00096e    program     extern D:\m26_project\PIC18F\Src\main.c
              __string_22   0x000a4a    program     static D:\m26_project\PIC18F\Src\m26.c
              __string_21   0x000a52    program     static D:\m26_project\PIC18F\Src\m26.c
              __string_20   0x000a54    program     static D:\m26_project\PIC18F\Src\m26.c
              __string_19   0x000a60    program     static D:\m26_project\PIC18F\Src\m26.c
              __string_18   0x000a8d    program     static D:\m26_project\PIC18F\Src\m26.c
              __string_17   0x000a9c    program     static D:\m26_project\PIC18F\Src\m26.c
              __string_16   0x000aa3    program     static D:\m26_project\PIC18F\Src\m26.c
              __string_15   0x000ab0    program     static D:\m26_project\PIC18F\Src\m26.c
              __string_14   0x000abb    program     static D:\m26_project\PIC18F\Src\m26.c
              __string_13   0x000ac9    program     static D:\m26_project\PIC18F\Src\m26.c
              __string_12   0x000ad2    program     static D:\m26_project\PIC18F\Src\m26.c
              __string_11   0x000adf    program     static D:\m26_project\PIC18F\Src\m26.c
              __string_10   0x000af5    program     static D:\m26_project\PIC18F\Src\m26.c
               __string_9   0x000b04    program     static D:\m26_project\PIC18F\Src\m26.c
               __string_8   0x000b12    program     static D:\m26_project\PIC18F\Src\m26.c
               __string_7   0x000b20    program     static D:\m26_project\PIC18F\Src\m26.c
               __string_6   0x000b2d    program     static D:\m26_project\PIC18F\Src\m26.c
               __string_5   0x000b39    program     static D:\m26_project\PIC18F\Src\m26.c
               __string_4   0x000b44    program     static D:\m26_project\PIC18F\Src\m26.c
               __string_3   0x000b4d    program     static D:\m26_project\PIC18F\Src\m26.c
               __string_2   0x000b58    program     static D:\m26_project\PIC18F\Src\m26.c
               __string_1   0x000b5b    program     static D:\m26_project\PIC18F\Src\m26.c
               __string_0   0x000b62    program     static D:\m26_project\PIC18F\Src\m26.c
               __string_3   0x000b77    program     static D:\m26_project\PIC18F\Src\main.c
               __string_2   0x000b7a    program     static D:\m26_project\PIC18F\Src\main.c
               __string_1   0x000b88    program     static D:\m26_project\PIC18F\Src\main.c
               __string_0   0x000b8a    program     static D:\m26_project\PIC18F\Src\main.c
                _do_cinit   0x000b98    program     extern C:\MCC18\src\traditional\startup\c018i.c
                     test   0x000bb2    program     static                          
                copy_loop   0x000c0a    program     static                          
            copy_one_byte   0x000c10    program     static                          
             done_copying   0x000c1e    program     static                          
                     done   0x000c34    program     static                          
       ___return_lbl00002   0x000c34    program     static                          
                   strcpy   0x000c36    program     extern C:\MCC18\src\traditional\stdclib\strcpy.asm
                    jLoop   0x000c5e    program     static C:\MCC18\src\traditional\stdclib\strcpy.asm
                   strstr   0x000c78    program     extern C:\MCC18\src\traditional\stdclib\strstr.asm
               jOuterLoop   0x000c8c    program     static C:\MCC18\src\traditional\stdclib\strstr.asm
               jInnerLoop   0x000ca4    program     static C:\MCC18\src\traditional\stdclib\strstr.asm
                 jNoMatch   0x000cb0    program     static C:\MCC18\src\traditional\stdclib\strstr.asm
                    jNull   0x000cbc    program     static C:\MCC18\src\traditional\stdclib\strstr.asm
                   jMatch   0x000cc0    program     static C:\MCC18\src\traditional\stdclib\strstr.asm
                  jReturn   0x000cc0    program     static C:\MCC18\src\traditional\stdclib\strstr.asm
                OpenUSART   0x000cd2    program     extern C:\MCC18\src\pmc_common\USART\uopen.c
               putrsUSART   0x000d5c    program     extern C:\MCC18\src\pmc_common\USART\uputrs.c
                  Delay_s   0x000dc0    program     extern D:\m26_project\PIC18F\Src\user_delays.c
                putsUSART   0x000e1c    program     extern C:\MCC18\src\pmc_common\USART\uputs.c
                ReadUSART   0x000e68    program     extern C:\MCC18\src\pmc_common\USART\uread.c
              WriteTimer0   0x000ea6    program     extern C:\MCC18\src\pmc_common\Timers\t0write.c
               OpenTimer0   0x000ede    program     extern C:\MCC18\src\pmc_common\Timers\t0open.c
             Delay10KTCYx   0x000f16    program     extern C:\MCC18\src\traditional\delays\d10ktcyx.asm
                    D10Kx   0x000f20    program     static C:\MCC18\src\traditional\delays\d10ktcyx.asm
                   D10K_1   0x000f22    program     static C:\MCC18\src\traditional\delays\d10ktcyx.asm
       _D10KTCYXCODE_0010   0x000f26    program     static C:\MCC18\src\traditional\delays\d10ktcyx.asm
                    D10Kl   0x000f2e    program     static C:\MCC18\src\traditional\delays\d10ktcyx.asm
       _D10KTCYXCODE_001C   0x000f32    program     static C:\MCC18\src\traditional\delays\d10ktcyx.asm
               WriteUSART   0x000f44    program     extern C:\MCC18\src\pmc_common\USART\uwrite.c
                 _startup   0x000f72    program     extern C:\MCC18\src\traditional\startup\c018i.c
                     loop   0x000f82    program     static                          
       ___return_lbl00001   0x000f8c    program     static                          
            __zero_memory   0x000f8e    program     extern C:\MCC18\src\traditional\proc\p18F4550.asm
               clear_loop   0x000f94    program     static C:\MCC18\src\traditional\proc\p18F4550.asm
               __config_0   0x300000    program     static D:\m26_project\PIC18F\Src\main.c
               __config_1   0x300001    program     static D:\m26_project\PIC18F\Src\main.c
               __config_2   0x300002    program     static D:\m26_project\PIC18F\Src\main.c
               __config_3   0x300003    program     static D:\m26_project\PIC18F\Src\main.c
               __config_4   0x300005    program     static D:\m26_project\PIC18F\Src\main.c
               __config_5   0x300006    program     static D:\m26_project\PIC18F\Src\main.c
               __config_6   0x300008    program     static D:\m26_project\PIC18F\Src\main.c
               __config_7   0x300009    program     static D:\m26_project\PIC18F\Src\main.c
               __config_8   0x30000a    program     static D:\m26_project\PIC18F\Src\main.c
               __config_9   0x30000b    program     static D:\m26_project\PIC18F\Src\main.c
              __config_10   0x30000c    program     static D:\m26_project\PIC18F\Src\main.c
              __config_11   0x30000d    program     static D:\m26_project\PIC18F\Src\main.c
                  __tmp_0   0x000000       data     static C:\MCC18\src\pmc_common\USART\uopen.c
                  __tmp_0   0x000000       data     static D:\m26_project\PIC18F\Src\m26.c
                  __tmp_0   0x000000       data     static D:\m26_project\PIC18F\Src\main.c
                     SIGN   0x000003       data     extern C:\MCC18\src\traditional\math\cmath18.asm
                __FPFLAGS   0x000004       data     extern C:\MCC18\src\traditional\math\cmath18.asm
            __FPFLAGSbits   0x000004       data     extern C:\MCC18\src\traditional\math\cmath18.asm
            DelayCounter2   0x000005       data     extern C:\MCC18\src\traditional\delays\delayd2.asm
            DelayCounter1   0x000006       data     extern C:\MCC18\src\traditional\delays\delayd1.asm
               USARTRxBuf   0x000060       data     extern D:\m26_project\PIC18F\Src\main.c
               USARTTxBuf   0x0000a0       data     extern D:\m26_project\PIC18F\Src\main.c
                     prom   0x0000a2       data     static C:\MCC18\src\traditional\startup\c018i.c
                curr_byte   0x0000a5       data     static C:\MCC18\src\traditional\startup\c018i.c
               curr_entry   0x0000a7       data     static C:\MCC18\src\traditional\startup\c018i.c
                 data_ptr   0x0000a9       data     static C:\MCC18\src\traditional\startup\c018i.c
                    TxBuf   0x0000ac       data     extern D:\m26_project\PIC18F\Src\main.c
                  RxCount   0x0000b0       data     extern D:\m26_project\PIC18F\Src\main.c
       USARTRcvTimeoutCnt   0x0000b2       data     extern D:\m26_project\PIC18F\Src\main.c
             USARTRcvFlag   0x0000b3       data     extern D:\m26_project\PIC18F\Src\main.c
                open_flag   0x0000b4       data     extern D:\m26_project\PIC18F\Src\main.c
             USART_Status   0x0000b5       data     extern C:\MCC18\src\pmc_common\USART\udefs.c
                  SPPDATA   0x000f62       data     extern C:\MCC18\src\traditional\proc\p18F4550.asm
                   SPPCFG   0x000f63       data     extern C:\MCC18\src\traditional\proc\p18F4550.asm
               SPPCFGbits   0x000f63       data     extern C:\MCC18\src\traditional\proc\p18F4550.asm
               SPPEPSbits   0x000f64       data     extern C:\MCC18\src\traditional\proc\p18F4550.asm
                   SPPEPS   0x000f64       data     extern C:\MCC18\src\traditional\proc\p18F4550.asm
               SPPCONbits   0x000f65       data     extern C:\MCC18\src\traditional\proc\p18F4550.asm
                   SPPCON   0x000f65       data     extern C:\MCC18\src\traditional\proc\p18F4550.asm
                UFRMLbits   0x000f66       data     extern C:\MCC18\src\traditional\proc\p18F4550.asm
                    UFRML   0x000f66       data     extern C:\MCC18\src\traditional\proc\p18F4550.asm
                     UFRM   0x000f66       data     extern C:\MCC18\src\traditional\proc\p18F4550.asm
                    UFRMH   0x000f67       data     extern C:\MCC18\src\traditional\proc\p18F4550.asm
                UFRMHbits   0x000f67       data     extern C:\MCC18\src\traditional\proc\p18F4550.asm
                      UIR   0x000f68       data     extern C:\MCC18\src\traditional\proc\p18F4550.asm
                  UIRbits   0x000f68       data     extern C:\MCC18\src\traditional\proc\p18F4550.asm
                  UIEbits   0x000f69       data     extern C:\MCC18\src\traditional\proc\p18F4550.asm
                      UIE   0x000f69       data     extern C:\MCC18\src\traditional\proc\p18F4550.asm
                     UEIR   0x000f6a       data     extern C:\MCC18\src\traditional\proc\p18F4550.asm
                 UEIRbits   0x000f6a       data     extern C:\MCC18\src\traditional\proc\p18F4550.asm
                     UEIE   0x000f6b       data     extern C:\MCC18\src\traditional\proc\p18F4550.asm
                 UEIEbits   0x000f6b       data     extern C:\MCC18\src\traditional\proc\p18F4550.asm
                    USTAT   0x000f6c       data     extern C:\MCC18\src\traditional\proc\p18F4550.asm
                USTATbits   0x000f6c       data     extern C:\MCC18\src\traditional\proc\p18F4550.asm
                 UCONbits   0x000f6d       data     extern C:\MCC18\src\traditional\proc\p18F4550.asm
                     UCON   0x000f6d       data     extern C:\MCC18\src\traditional\proc\p18F4550.asm
                UADDRbits   0x000f6e       data     extern C:\MCC18\src\traditional\proc\p18F4550.asm
                    UADDR   0x000f6e       data     extern C:\MCC18\src\traditional\proc\p18F4550.asm
                 UCFGbits   0x000f6f       data     extern C:\MCC18\src\traditional\proc\p18F4550.asm
                     UCFG   0x000f6f       data     extern C:\MCC18\src\traditional\proc\p18F4550.asm
                 UEP0bits   0x000f70       data     extern C:\MCC18\src\traditional\proc\p18F4550.asm
                     UEP0   0x000f70       data     extern C:\MCC18\src\traditional\proc\p18F4550.asm
                     UEP1   0x000f71       data     extern C:\MCC18\src\traditional\proc\p18F4550.asm
                 UEP1bits   0x000f71       data     extern C:\MCC18\src\traditional\proc\p18F4550.asm
                     UEP2   0x000f72       data     extern C:\MCC18\src\traditional\proc\p18F4550.asm
                 UEP2bits   0x000f72       data     extern C:\MCC18\src\traditional\proc\p18F4550.asm
                     UEP3   0x000f73       data     extern C:\MCC18\src\traditional\proc\p18F4550.asm
                 UEP3bits   0x000f73       data     extern C:\MCC18\src\traditional\proc\p18F4550.asm
                     UEP4   0x000f74       data     extern C:\MCC18\src\traditional\proc\p18F4550.asm
                 UEP4bits   0x000f74       data     extern C:\MCC18\src\traditional\proc\p18F4550.asm
                     UEP5   0x000f75       data     extern C:\MCC18\src\traditional\proc\p18F4550.asm
                 UEP5bits   0x000f75       data     extern C:\MCC18\src\traditional\proc\p18F4550.asm
                     UEP6   0x000f76       data     extern C:\MCC18\src\traditional\proc\p18F4550.asm
                 UEP6bits   0x000f76       data     extern C:\MCC18\src\traditional\proc\p18F4550.asm
                     UEP7   0x000f77       data     extern C:\MCC18\src\traditional\proc\p18F4550.asm
                 UEP7bits   0x000f77       data     extern C:\MCC18\src\traditional\proc\p18F4550.asm
                     UEP8   0x000f78       data     extern C:\MCC18\src\traditional\proc\p18F4550.asm
                 UEP8bits   0x000f78       data     extern C:\MCC18\src\traditional\proc\p18F4550.asm
                     UEP9   0x000f79       data     extern C:\MCC18\src\traditional\proc\p18F4550.asm
                 UEP9bits   0x000f79       data     extern C:\MCC18\src\traditional\proc\p18F4550.asm
                UEP10bits   0x000f7a       data     extern C:\MCC18\src\traditional\proc\p18F4550.asm
                    UEP10   0x000f7a       data     extern C:\MCC18\src\traditional\proc\p18F4550.asm
                UEP11bits   0x000f7b       data     extern C:\MCC18\src\traditional\proc\p18F4550.asm
                    UEP11   0x000f7b       data     extern C:\MCC18\src\traditional\proc\p18F4550.asm
                    UEP12   0x000f7c       data     extern C:\MCC18\src\traditional\proc\p18F4550.asm
                UEP12bits   0x000f7c       data     extern C:\MCC18\src\traditional\proc\p18F4550.asm
                UEP13bits   0x000f7d       data     extern C:\MCC18\src\traditional\proc\p18F4550.asm
                    UEP13   0x000f7d       data     extern C:\MCC18\src\traditional\proc\p18F4550.asm
                UEP14bits   0x000f7e       data     extern C:\MCC18\src\traditional\proc\p18F4550.asm
                    UEP14   0x000f7e       data     extern C:\MCC18\src\traditional\proc\p18F4550.asm
                    UEP15   0x000f7f       data     extern C:\MCC18\src\traditional\proc\p18F4550.asm
                UEP15bits   0x000f7f       data     extern C:\MCC18\src\traditional\proc\p18F4550.asm
                    PORTA   0x000f80       data     extern C:\MCC18\src\traditional\proc\p18F4550.asm
                PORTAbits   0x000f80       data     extern C:\MCC18\src\traditional\proc\p18F4550.asm
                    PORTB   0x000f81       data     extern C:\MCC18\src\traditional\proc\p18F4550.asm
                PORTBbits   0x000f81       data     extern C:\MCC18\src\traditional\proc\p18F4550.asm
                    PORTC   0x000f82       data     extern C:\MCC18\src\traditional\proc\p18F4550.asm
                PORTCbits   0x000f82       data     extern C:\MCC18\src\traditional\proc\p18F4550.asm
                    PORTD   0x000f83       data     extern C:\MCC18\src\traditional\proc\p18F4550.asm
                PORTDbits   0x000f83       data     extern C:\MCC18\src\traditional\proc\p18F4550.asm
                PORTEbits   0x000f84       data     extern C:\MCC18\src\traditional\proc\p18F4550.asm
                    PORTE   0x000f84       data     extern C:\MCC18\src\traditional\proc\p18F4550.asm
                     LATA   0x000f89       data     extern C:\MCC18\src\traditional\proc\p18F4550.asm
                 LATAbits   0x000f89       data     extern C:\MCC18\src\traditional\proc\p18F4550.asm
                 LATBbits   0x000f8a       data     extern C:\MCC18\src\traditional\proc\p18F4550.asm
                     LATB   0x000f8a       data     extern C:\MCC18\src\traditional\proc\p18F4550.asm
                 LATCbits   0x000f8b       data     extern C:\MCC18\src\traditional\proc\p18F4550.asm
                     LATC   0x000f8b       data     extern C:\MCC18\src\traditional\proc\p18F4550.asm
                 LATDbits   0x000f8c       data     extern C:\MCC18\src\traditional\proc\p18F4550.asm
                     LATD   0x000f8c       data     extern C:\MCC18\src\traditional\proc\p18F4550.asm
                 LATEbits   0x000f8d       data     extern C:\MCC18\src\traditional\proc\p18F4550.asm
                     LATE   0x000f8d       data     extern C:\MCC18\src\traditional\proc\p18F4550.asm
                TRISAbits   0x000f92       data     extern C:\MCC18\src\traditional\proc\p18F4550.asm
                    TRISA   0x000f92       data     extern C:\MCC18\src\traditional\proc\p18F4550.asm
                     DDRA   0x000f92       data     extern C:\MCC18\src\traditional\proc\p18F4550.asm
                 DDRAbits   0x000f92       data     extern C:\MCC18\src\traditional\proc\p18F4550.asm
                    TRISB   0x000f93       data     extern C:\MCC18\src\traditional\proc\p18F4550.asm
                     DDRB   0x000f93       data     extern C:\MCC18\src\traditional\proc\p18F4550.asm
                 DDRBbits   0x000f93       data     extern C:\MCC18\src\traditional\proc\p18F4550.asm
                TRISBbits   0x000f93       data     extern C:\MCC18\src\traditional\proc\p18F4550.asm
                    TRISC   0x000f94       data     extern C:\MCC18\src\traditional\proc\p18F4550.asm
                TRISCbits   0x000f94       data     extern C:\MCC18\src\traditional\proc\p18F4550.asm
                 DDRCbits   0x000f94       data     extern C:\MCC18\src\traditional\proc\p18F4550.asm
                     DDRC   0x000f94       data     extern C:\MCC18\src\traditional\proc\p18F4550.asm
                    TRISD   0x000f95       data     extern C:\MCC18\src\traditional\proc\p18F4550.asm
                TRISDbits   0x000f95       data     extern C:\MCC18\src\traditional\proc\p18F4550.asm
                 DDRDbits   0x000f95       data     extern C:\MCC18\src\traditional\proc\p18F4550.asm
                     DDRD   0x000f95       data     extern C:\MCC18\src\traditional\proc\p18F4550.asm
                     DDRE   0x000f96       data     extern C:\MCC18\src\traditional\proc\p18F4550.asm
                 DDREbits   0x000f96       data     extern C:\MCC18\src\traditional\proc\p18F4550.asm
                TRISEbits   0x000f96       data     extern C:\MCC18\src\traditional\proc\p18F4550.asm
                    TRISE   0x000f96       data     extern C:\MCC18\src\traditional\proc\p18F4550.asm
                  OSCTUNE   0x000f9b       data     extern C:\MCC18\src\traditional\proc\p18F4550.asm
              OSCTUNEbits   0x000f9b       data     extern C:\MCC18\src\traditional\proc\p18F4550.asm
                     PIE1   0x000f9d       data     extern C:\MCC18\src\traditional\proc\p18F4550.asm
                 PIE1bits   0x000f9d       data     extern C:\MCC18\src\traditional\proc\p18F4550.asm
                     PIR1   0x000f9e       data     extern C:\MCC18\src\traditional\proc\p18F4550.asm
                 PIR1bits   0x000f9e       data     extern C:\MCC18\src\traditional\proc\p18F4550.asm
                 IPR1bits   0x000f9f       data     extern C:\MCC18\src\traditional\proc\p18F4550.asm
                     IPR1   0x000f9f       data     extern C:\MCC18\src\traditional\proc\p18F4550.asm
                     PIE2   0x000fa0       data     extern C:\MCC18\src\traditional\proc\p18F4550.asm
                 PIE2bits   0x000fa0       data     extern C:\MCC18\src\traditional\proc\p18F4550.asm
                 PIR2bits   0x000fa1       data     extern C:\MCC18\src\traditional\proc\p18F4550.asm
                     PIR2   0x000fa1       data     extern C:\MCC18\src\traditional\proc\p18F4550.asm
                 IPR2bits   0x000fa2       data     extern C:\MCC18\src\traditional\proc\p18F4550.asm
                     IPR2   0x000fa2       data     extern C:\MCC18\src\traditional\proc\p18F4550.asm
               EECON1bits   0x000fa6       data     extern C:\MCC18\src\traditional\proc\p18F4550.asm
                   EECON1   0x000fa6       data     extern C:\MCC18\src\traditional\proc\p18F4550.asm
                   EECON2   0x000fa7       data     extern C:\MCC18\src\traditional\proc\p18F4550.asm
                   EEDATA   0x000fa8       data     extern C:\MCC18\src\traditional\proc\p18F4550.asm
                    EEADR   0x000fa9       data     extern C:\MCC18\src\traditional\proc\p18F4550.asm
                RCSTAbits   0x000fab       data     extern C:\MCC18\src\traditional\proc\p18F4550.asm
                    RCSTA   0x000fab       data     extern C:\MCC18\src\traditional\proc\p18F4550.asm
                    TXSTA   0x000fac       data     extern C:\MCC18\src\traditional\proc\p18F4550.asm
                TXSTAbits   0x000fac       data     extern C:\MCC18\src\traditional\proc\p18F4550.asm
                    TXREG   0x000fad       data     extern C:\MCC18\src\traditional\proc\p18F4550.asm
                    RCREG   0x000fae       data     extern C:\MCC18\src\traditional\proc\p18F4550.asm
                    SPBRG   0x000faf       data     extern C:\MCC18\src\traditional\proc\p18F4550.asm
                   SPBRGH   0x000fb0       data     extern C:\MCC18\src\traditional\proc\p18F4550.asm
                T3CONbits   0x000fb1       data     extern C:\MCC18\src\traditional\proc\p18F4550.asm
                    T3CON   0x000fb1       data     extern C:\MCC18\src\traditional\proc\p18F4550.asm
                    TMR3L   0x000fb2       data     extern C:\MCC18\src\traditional\proc\p18F4550.asm
                    TMR3H   0x000fb3       data     extern C:\MCC18\src\traditional\proc\p18F4550.asm
                    CMCON   0x000fb4       data     extern C:\MCC18\src\traditional\proc\p18F4550.asm
                CMCONbits   0x000fb4       data     extern C:\MCC18\src\traditional\proc\p18F4550.asm
               CVRCONbits   0x000fb5       data     extern C:\MCC18\src\traditional\proc\p18F4550.asm
                   CVRCON   0x000fb5       data     extern C:\MCC18\src\traditional\proc\p18F4550.asm
               CCP1ASbits   0x000fb6       data     extern C:\MCC18\src\traditional\proc\p18F4550.asm
              ECCP1ASbits   0x000fb6       data     extern C:\MCC18\src\traditional\proc\p18F4550.asm
                  ECCP1AS   0x000fb6       data     extern C:\MCC18\src\traditional\proc\p18F4550.asm
                   CCP1AS   0x000fb6       data     extern C:\MCC18\src\traditional\proc\p18F4550.asm
                 ECCP1DEL   0x000fb7       data     extern C:\MCC18\src\traditional\proc\p18F4550.asm
                  CCP1DEL   0x000fb7       data     extern C:\MCC18\src\traditional\proc\p18F4550.asm
              CCP1DELbits   0x000fb7       data     extern C:\MCC18\src\traditional\proc\p18F4550.asm
             ECCP1DELbits   0x000fb7       data     extern C:\MCC18\src\traditional\proc\p18F4550.asm
              BAUDCONbits   0x000fb8       data     extern C:\MCC18\src\traditional\proc\p18F4550.asm
                  BAUDCON   0x000fb8       data     extern C:\MCC18\src\traditional\proc\p18F4550.asm
                  CCP2CON   0x000fba       data     extern C:\MCC18\src\traditional\proc\p18F4550.asm
              CCP2CONbits   0x000fba       data     extern C:\MCC18\src\traditional\proc\p18F4550.asm
                    CCPR2   0x000fbb       data     extern C:\MCC18\src\traditional\proc\p18F4550.asm
                   CCPR2L   0x000fbb       data     extern C:\MCC18\src\traditional\proc\p18F4550.asm
                   CCPR2H   0x000fbc       data     extern C:\MCC18\src\traditional\proc\p18F4550.asm
              CCP1CONbits   0x000fbd       data     extern C:\MCC18\src\traditional\proc\p18F4550.asm
                 ECCP1CON   0x000fbd       data     extern C:\MCC18\src\traditional\proc\p18F4550.asm
             ECCP1CONbits   0x000fbd       data     extern C:\MCC18\src\traditional\proc\p18F4550.asm
                  CCP1CON   0x000fbd       data     extern C:\MCC18\src\traditional\proc\p18F4550.asm
                   CCPR1L   0x000fbe       data     extern C:\MCC18\src\traditional\proc\p18F4550.asm
                    CCPR1   0x000fbe       data     extern C:\MCC18\src\traditional\proc\p18F4550.asm
                   CCPR1H   0x000fbf       data     extern C:\MCC18\src\traditional\proc\p18F4550.asm
               ADCON2bits   0x000fc0       data     extern C:\MCC18\src\traditional\proc\p18F4550.asm
                   ADCON2   0x000fc0       data     extern C:\MCC18\src\traditional\proc\p18F4550.asm
               ADCON1bits   0x000fc1       data     extern C:\MCC18\src\traditional\proc\p18F4550.asm
                   ADCON1   0x000fc1       data     extern C:\MCC18\src\traditional\proc\p18F4550.asm
               ADCON0bits   0x000fc2       data     extern C:\MCC18\src\traditional\proc\p18F4550.asm
                   ADCON0   0x000fc2       data     extern C:\MCC18\src\traditional\proc\p18F4550.asm
                    ADRES   0x000fc3       data     extern C:\MCC18\src\traditional\proc\p18F4550.asm
                   ADRESL   0x000fc3       data     extern C:\MCC18\src\traditional\proc\p18F4550.asm
                   ADRESH   0x000fc4       data     extern C:\MCC18\src\traditional\proc\p18F4550.asm
              SSPCON2bits   0x000fc5       data     extern C:\MCC18\src\traditional\proc\p18F4550.asm
                  SSPCON2   0x000fc5       data     extern C:\MCC18\src\traditional\proc\p18F4550.asm
              SSPCON1bits   0x000fc6       data     extern C:\MCC18\src\traditional\proc\p18F4550.asm
                  SSPCON1   0x000fc6       data     extern C:\MCC18\src\traditional\proc\p18F4550.asm
                  SSPSTAT   0x000fc7       data     extern C:\MCC18\src\traditional\proc\p18F4550.asm
              SSPSTATbits   0x000fc7       data     extern C:\MCC18\src\traditional\proc\p18F4550.asm
                   SSPADD   0x000fc8       data     extern C:\MCC18\src\traditional\proc\p18F4550.asm
                   SSPBUF   0x000fc9       data     extern C:\MCC18\src\traditional\proc\p18F4550.asm
                    T2CON   0x000fca       data     extern C:\MCC18\src\traditional\proc\p18F4550.asm
                T2CONbits   0x000fca       data     extern C:\MCC18\src\traditional\proc\p18F4550.asm
                      PR2   0x000fcb       data     extern C:\MCC18\src\traditional\proc\p18F4550.asm
                     TMR2   0x000fcc       data     extern C:\MCC18\src\traditional\proc\p18F4550.asm
                T1CONbits   0x000fcd       data     extern C:\MCC18\src\traditional\proc\p18F4550.asm
                    T1CON   0x000fcd       data     extern C:\MCC18\src\traditional\proc\p18F4550.asm
                    TMR1L   0x000fce       data     extern C:\MCC18\src\traditional\proc\p18F4550.asm
                    TMR1H   0x000fcf       data     extern C:\MCC18\src\traditional\proc\p18F4550.asm
                 RCONbits   0x000fd0       data     extern C:\MCC18\src\traditional\proc\p18F4550.asm
                     RCON   0x000fd0       data     extern C:\MCC18\src\traditional\proc\p18F4550.asm
               WDTCONbits   0x000fd1       data     extern C:\MCC18\src\traditional\proc\p18F4550.asm
                   WDTCON   0x000fd1       data     extern C:\MCC18\src\traditional\proc\p18F4550.asm
               LVDCONbits   0x000fd2       data     extern C:\MCC18\src\traditional\proc\p18F4550.asm
                   LVDCON   0x000fd2       data     extern C:\MCC18\src\traditional\proc\p18F4550.asm
              HLVDCONbits   0x000fd2       data     extern C:\MCC18\src\traditional\proc\p18F4550.asm
                  HLVDCON   0x000fd2       data     extern C:\MCC18\src\traditional\proc\p18F4550.asm
                   OSCCON   0x000fd3       data     extern C:\MCC18\src\traditional\proc\p18F4550.asm
               OSCCONbits   0x000fd3       data     extern C:\MCC18\src\traditional\proc\p18F4550.asm
                    T0CON   0x000fd5       data     extern C:\MCC18\src\traditional\proc\p18F4550.asm
                T0CONbits   0x000fd5       data     extern C:\MCC18\src\traditional\proc\p18F4550.asm
                    TMR0L   0x000fd6       data     extern C:\MCC18\src\traditional\proc\p18F4550.asm
                    TMR0H   0x000fd7       data     extern C:\MCC18\src\traditional\proc\p18F4550.asm
               STATUSbits   0x000fd8       data     extern C:\MCC18\src\traditional\proc\p18F4550.asm
                   STATUS   0x000fd8       data     extern C:\MCC18\src\traditional\proc\p18F4550.asm
                     FSR2   0x000fd9       data     extern C:\MCC18\src\traditional\proc\p18F4550.asm
                    FSR2L   0x000fd9       data     extern C:\MCC18\src\traditional\proc\p18F4550.asm
                    FSR2H   0x000fda       data     extern C:\MCC18\src\traditional\proc\p18F4550.asm
                   PLUSW2   0x000fdb       data     extern C:\MCC18\src\traditional\proc\p18F4550.asm
                  PREINC2   0x000fdc       data     extern C:\MCC18\src\traditional\proc\p18F4550.asm
                 POSTDEC2   0x000fdd       data     extern C:\MCC18\src\traditional\proc\p18F4550.asm
                 POSTINC2   0x000fde       data     extern C:\MCC18\src\traditional\proc\p18F4550.asm
                    INDF2   0x000fdf       data     extern C:\MCC18\src\traditional\proc\p18F4550.asm
                      BSR   0x000fe0       data     extern C:\MCC18\src\traditional\proc\p18F4550.asm
                     FSR1   0x000fe1       data     extern C:\MCC18\src\traditional\proc\p18F4550.asm
                    FSR1L   0x000fe1       data     extern C:\MCC18\src\traditional\proc\p18F4550.asm
                    FSR1H   0x000fe2       data     extern C:\MCC18\src\traditional\proc\p18F4550.asm
                   PLUSW1   0x000fe3       data     extern C:\MCC18\src\traditional\proc\p18F4550.asm
                  PREINC1   0x000fe4       data     extern C:\MCC18\src\traditional\proc\p18F4550.asm
                 POSTDEC1   0x000fe5       data     extern C:\MCC18\src\traditional\proc\p18F4550.asm
                 POSTINC1   0x000fe6       data     extern C:\MCC18\src\traditional\proc\p18F4550.asm
                    INDF1   0x000fe7       data     extern C:\MCC18\src\traditional\proc\p18F4550.asm
                     WREG   0x000fe8       data     extern C:\MCC18\src\traditional\proc\p18F4550.asm
                     FSR0   0x000fe9       data     extern C:\MCC18\src\traditional\proc\p18F4550.asm
                    FSR0L   0x000fe9       data     extern C:\MCC18\src\traditional\proc\p18F4550.asm
                    FSR0H   0x000fea       data     extern C:\MCC18\src\traditional\proc\p18F4550.asm
                   PLUSW0   0x000feb       data     extern C:\MCC18\src\traditional\proc\p18F4550.asm
                  PREINC0   0x000fec       data     extern C:\MCC18\src\traditional\proc\p18F4550.asm
                 POSTDEC0   0x000fed       data     extern C:\MCC18\src\traditional\proc\p18F4550.asm
                 POSTINC0   0x000fee       data     extern C:\MCC18\src\traditional\proc\p18F4550.asm
                    INDF0   0x000fef       data     extern C:\MCC18\src\traditional\proc\p18F4550.asm
                  INTCON3   0x000ff0       data     extern C:\MCC18\src\traditional\proc\p18F4550.asm
              INTCON3bits   0x000ff0       data     extern C:\MCC18\src\traditional\proc\p18F4550.asm
                  INTCON2   0x000ff1       data     extern C:\MCC18\src\traditional\proc\p18F4550.asm
              INTCON2bits   0x000ff1       data     extern C:\MCC18\src\traditional\proc\p18F4550.asm
                   INTCON   0x000ff2       data     extern C:\MCC18\src\traditional\proc\p18F4550.asm
               INTCONbits   0x000ff2       data     extern C:\MCC18\src\traditional\proc\p18F4550.asm
                    PRODL   0x000ff3       data     extern C:\MCC18\src\traditional\proc\p18F4550.asm
                     PROD   0x000ff3       data     extern C:\MCC18\src\traditional\proc\p18F4550.asm
                    PRODH   0x000ff4       data     extern C:\MCC18\src\traditional\proc\p18F4550.asm
                   TABLAT   0x000ff5       data     extern C:\MCC18\src\traditional\proc\p18F4550.asm
                   TBLPTR   0x000ff6       data     extern C:\MCC18\src\traditional\proc\p18F4550.asm
                  TBLPTRL   0x000ff6       data     extern C:\MCC18\src\traditional\proc\p18F4550.asm
                  TBLPTRH   0x000ff7       data     extern C:\MCC18\src\traditional\proc\p18F4550.asm
                  TBLPTRU   0x000ff8       data     extern C:\MCC18\src\traditional\proc\p18F4550.asm
                      PCL   0x000ff9       data     extern C:\MCC18\src\traditional\proc\p18F4550.asm
                       PC   0x000ff9       data     extern C:\MCC18\src\traditional\proc\p18F4550.asm
                   PCLATH   0x000ffa       data     extern C:\MCC18\src\traditional\proc\p18F4550.asm
                   PCLATU   0x000ffb       data     extern C:\MCC18\src\traditional\proc\p18F4550.asm
                   STKPTR   0x000ffc       data     extern C:\MCC18\src\traditional\proc\p18F4550.asm
               STKPTRbits   0x000ffc       data     extern C:\MCC18\src\traditional\proc\p18F4550.asm
                     TOSL   0x000ffd       data     extern C:\MCC18\src\traditional\proc\p18F4550.asm
                      TOS   0x000ffd       data     extern C:\MCC18\src\traditional\proc\p18F4550.asm
                     TOSH   0x000ffe       data     extern C:\MCC18\src\traditional\proc\p18F4550.asm
                     TOSU   0x000fff       data     extern C:\MCC18\src\traditional\proc\p18F4550.asm


